// Jest Snapshot v1, https://goo.gl/fbAQLP

exports[`javascript support should return 2 structure violations 1`] = `
"Resolving configs...
Linting folder structure...
Found 4 violations

DISALLOWED IMPORTS: The following imports are disallowed in /modules/transactions/sagas.js
- /components/TxModal
- /components/TxSuccessModal
Business logic should never import UI components

DISALLOWED IMPORTS: The following imports are disallowed in /libs/HttpService.js
- lodash
- /modules/utils

DISALLOWED IMPORTS: The following imports are disallowed in /libs/HttpService.js
- /config/internal

DISALLOWED IMPORTS: The following imports are disallowed in /components/shared/Button.jsx
- /components/TxSuccessModal
"
`;

exports[`javascript support should return 4 violations for mono repo 1`] = `
"Resolving configs...
Linting folder structure...
Found 4 violations

DISALLOWED IMPORTS: The following imports are disallowed in /packages/web-app/App.js
- react-native
Don't import React native into web app package

DISALLOWED IMPORTS: The following imports are disallowed in /packages/business-logic/user-logic.js
- @monorepo/components
Don't import components into business-logic

DISALLOWED IMPORTS: The following imports are disallowed in /packages/business-logic/user-logic.js
- /packages/components/TextField
Don't import components into business-logic

DISALLOWED IMPORTS: The following imports are disallowed in /packages/business-logic/user-logic.js
- react
Don't import React into business-logic
"
`;

exports[`javascript support should return no config found 1`] = `
"Resolving configs...
You need to specify structure config to run linter.
"
`;

exports[`javascript support should return no violations found 1`] = `
"Resolving configs...
Linting folder structure...
No violations found
"
`;
